Microchip MPLAB XC8 Compiler V2.05 ()

Linker command line:

-W-3 --edf=D:\Microchip\pic\dat\en_msgs.txt -cs \
  -h+dist/default/production\AirConditioning.X.production.sym \
  --cmf=dist/default/production\AirConditioning.X.production.cmf -z \
  -Q18F4620 -oC:\Users\fathe\AppData\Local\Temp\si5g.2 \
  --defsym=__MPLAB_BUILD=1 \
  -Mdist/default/production/AirConditioning.X.production.map -E1 -ver=XC8 \
  --acfsm=1493 -ASTACK=02D0h-0F7Fh -pstack=STACK -ACODE=00h-0FFFFh \
  -ACONST=00h-0FFFFh -ASMALLCONST=01000h-010FFhx240 \
  -AMEDIUMCONST=01000h-0FFFFh -ACOMRAM=01h-07Fh -AABS1=00h-0F7Fh \
  -ABIGRAM=01h-0F7Fh -ARAM=080h-0FFh,0100h-01FFhx14,0F00h-0F7Fh \
  -ABANK0=080h-0FFh -ABANK1=0100h-01FFh -ABANK2=0200h-02FFh \
  -ABANK3=0300h-03FFh -ABANK4=0400h-04FFh -ABANK5=0500h-05FFh \
  -ABANK6=0600h-06FFh -ABANK7=0700h-07FFh -ABANK8=0800h-08FFh \
  -ABANK9=0900h-09FFh -ABANK10=0A00h-0AFFh -ABANK11=0B00h-0BFFh \
  -ABANK12=0C00h-0CFFh -ABANK13=0D00h-0DFFh -ABANK14=0E00h-0EFFh \
  -ABANK15=0F00h-0F7Fh -ASFR=0F80h-0FFFh \
  -preset_vec=00h,intcode=08h,intcodelo,powerup,init -pramtop=01000h \
  -psmallconst=SMALLCONST -pmediumconst=MEDIUMCONST -pconst=CONST \
  -AFARRAM=00h-00h -ACONFIG=0300000h-030000Dh -pconfig=CONFIG \
  -AIDLOC=0200000h-0200007h -pidloc=IDLOC -AEEDATA=0F00000h-0F003FFh \
  -peeprom_data=EEDATA \
  -prdata=COMRAM,nvrram=COMRAM,nvbit=COMRAM,rbss=COMRAM,rbit=COMRAM \
  -pfarbss=FARRAM,fardata=FARRAM,nvFARRAM=FARRAM \
  -pintsave_regs=BIGRAM,bigbss=BIGRAM,bigdata=BIGRAM -pbss=RAM \
  -pidata=CODE,irdata=CODE,ibigdata=CODE,ifardata=CODE -prparam=COMRAM \
  C:\Users\fathe\AppData\Local\Temp\si5g.o \
  dist/default/production\AirConditioning.X.production.o 

Object code version is 3.11

Machine type is 18F4620

Call graph: (short form)




                Name                               Link     Load   Length Selector   Space Scale
C:\Users\fathe\AppData\Local\Temp\si5g.o
                init                                  E        E        4        4       0
                reset_vec                             0        0        4        0       0
                idloc                            200000   200000        8   200000       0
                config                           300000   300000        E   300000       0
dist/default/production\AirConditioning.X.production.o
                intcode                               8        8        6        4       0
                temp                                 6E       6E        1        1       1
                mediumconst                        FEFA     FEFA      106     7F7D       0
                text78                             4CFC     4CFC       1C        4       0
                text77                             4D62     4D62        A     26A6       0
                text76                             257C     257C      30C        4       0
                text75                             2B12     2B12      288        4       0
                text74                             1F1C     1F1C      352        4       0
                text73                             3E9A     3E9A       BA        4       0
                text72                             4B62     4B62       2E        4       0
                text71                             3F54     3F54       B8        4       0
                text70                             3D20     3D20       BE        4       0
                text69                             3586     3586      140        4       0
                text68                             3B96     3B96       CA        4       0
                text67                             3AC8     3AC8       CE        4       0
                text66                             4C80     4C80       22        4       0
                text65                             4D6C     4D6C        8     26A6       0
                text64                             4AA2     4AA2       32        4       0
                text63                             4A0A     4A0A       34        4       0
                text62                             48F2     48F2       40        4       0
                intcode_body                       4794     4794       4E        4       0
                text60                             4CE0     4CE0       1C        4       0
                text59                             4BBC     4BBC       2A        4       0
                text58                             49D6     49D6       34        4       0
                text57                             4C5A     4C5A       26        4       0
                text56                             486E     486E       44        4       0
                text55                             464E     464E       54        4       0
                text54                             4482     4482       6A        4       0
                text53                             4C34     4C34       26        4       0
                text52                             4BE6     4BE6       28        4       0
                text51                             4A70     4A70       32        4       0
                text50                             48B2     48B2       40        4       0
                text49                             3442     3442      144        4       0
                text48                             4D74     4D74        2     26A6       0
                text47                             40B0     40B0       A2        4       0
                text46                             4932     4932       3C        4       0
                text45                             4B34     4B34       2E        4       0
                text44                             4152     4152       A0        4       0
                text43                             454A     454A       58        4       0
                text42                             31B4     31B4      14A        4       0
                text41                             3802     3802      126        4       0
                text40                             49A2     49A2       34        4       0
                text39                             2D9A     2D9A      260        4       0
                text38                             430A     430A       86        4       0
                text37                             4410     4410       72        4       0
                text36                             2888     2888      28A        4       0
                text35                             427E     427E       8C        4       0
                text34                             3928     3928       D2        4       0
                text33                             1BC8     1BC8      354        4       0
                text32                             4B04     4B04       30        4       0
                text31                             226E     226E      30E        4       0
                text30                             47E2     47E2       48        4       0
                text29                             3DDE     3DDE       BC        4       0
                text28                             39FA     39FA       CE        4       0
                text27                             2FFA     2FFA      1BA        4       0
                text26                             45F8     45F8       56        4       0
                text25                             4A3E     4A3E       32        4       0
                text24                             4746     4746       4E        4       0
                text23                               12       12      9E0        4       0
                text22                             36C6     36C6      13C        4       0
                text21                             400C     400C       A4        4       0
                text20                             113E     113E      620        4       0
                text19                             44EC     44EC       5E        4       0
                text18                             46F4     46F4       52        4       0
                text17                             175E     175E      46A        4       0
                text16                             4AD4     4AD4       30        4       0
                text15                             3C60     3C60       C0        4       0
                text14                             496E     496E       34        4       0
                text13                             4B90     4B90       2C        4       0
                text12                             4D4C     4D4C        C     26A6       0
                text11                             4D18     4D18       14        4       0
                text10                             45A2     45A2       56        4       0
                text9                              32FE     32FE      144        4       0
                text8                              482A     482A       44        4       0
                text7                              41F2     41F2       8C        4       0
                text6                              4D2C     4D2C       12        4       0
                text5                              4C0E     4C0E       26        4       0
                text4                              4D58     4D58        A     26A6       0
                text3                              4390     4390       80        4       0
                text2                              4CC2     4CC2       1E        4       0
                text1                              4CA2     4CA2       20        4       0
                text0                               9F2      9F2      74C        4       0
                cstackCOMRAM                          1        1       50        1       1
                cstackBANK0                          80       80       7F       80       1
                cstackBANK1                         100      100       C0      100       1
                bssBANK2                            200      200       D0      200       1
                bssBANK1                            1C0      1C0       2A      100       1
                dataCOMRAM                           61       61        D        1       1
                bssCOMRAM                            51       51       10        1       1
                cinit                              46A2     46A2       52        4       0
                idataCOMRAM                        4D3E     4D3E        D        4       0

TOTAL           Name                               Link     Load   Length     Space
        CLASS   STACK          

        CLASS   CODE           
                intcode                               8        8        6         0
                init                                  E        E        4         0
                reset_vec                             0        0        4         0
                text78                             4CFC     4CFC       1C         0
                text77                             4D62     4D62        A         0
                text76                             257C     257C      30C         0
                text75                             2B12     2B12      288         0
                text74                             1F1C     1F1C      352         0
                text73                             3E9A     3E9A       BA         0
                text72                             4B62     4B62       2E         0
                text71                             3F54     3F54       B8         0
                text70                             3D20     3D20       BE         0
                text69                             3586     3586      140         0
                text68                             3B96     3B96       CA         0
                text67                             3AC8     3AC8       CE         0
                text66                             4C80     4C80       22         0
                text65                             4D6C     4D6C        8         0
                text64                             4AA2     4AA2       32         0
                text63                             4A0A     4A0A       34         0
                text62                             48F2     48F2       40         0
                intcode_body                       4794     4794       4E         0
                text60                             4CE0     4CE0       1C         0
                text59                             4BBC     4BBC       2A         0
                text58                             49D6     49D6       34         0
                text57                             4C5A     4C5A       26         0
                text56                             486E     486E       44         0
                text55                             464E     464E       54         0
                text54                             4482     4482       6A         0
                text53                             4C34     4C34       26         0
                text52                             4BE6     4BE6       28         0
                text51                             4A70     4A70       32         0
                text50                             48B2     48B2       40         0
                text49                             3442     3442      144         0
                text48                             4D74     4D74        2         0
                text47                             40B0     40B0       A2         0
                text46                             4932     4932       3C         0
                text45                             4B34     4B34       2E         0
                text44                             4152     4152       A0         0
                text43                             454A     454A       58         0
                text42                             31B4     31B4      14A         0
                text41                             3802     3802      126         0
                text40                             49A2     49A2       34         0
                text39                             2D9A     2D9A      260         0
                text38                             430A     430A       86         0
                text37                             4410     4410       72         0
                text36                             2888     2888      28A         0
                text35                             427E     427E       8C         0
                text34                             3928     3928       D2         0
                text33                             1BC8     1BC8      354         0
                text32                             4B04     4B04       30         0
                text31                             226E     226E      30E         0
                text30                             47E2     47E2       48         0
                text29                             3DDE     3DDE       BC         0
                text28                             39FA     39FA       CE         0
                text27                             2FFA     2FFA      1BA         0
                text26                             45F8     45F8       56         0
                text25                             4A3E     4A3E       32         0
                text24                             4746     4746       4E         0
                text23                               12       12      9E0         0
                text22                             36C6     36C6      13C         0
                text21                             400C     400C       A4         0
                text20                             113E     113E      620         0
                text19                             44EC     44EC       5E         0
                text18                             46F4     46F4       52         0
                text17                             175E     175E      46A         0
                text16                             4AD4     4AD4       30         0
                text15                             3C60     3C60       C0         0
                text14                             496E     496E       34         0
                text13                             4B90     4B90       2C         0
                text12                             4D4C     4D4C        C         0
                text11                             4D18     4D18       14         0
                text10                             45A2     45A2       56         0
                text9                              32FE     32FE      144         0
                text8                              482A     482A       44         0
                text7                              41F2     41F2       8C         0
                text6                              4D2C     4D2C       12         0
                text5                              4C0E     4C0E       26         0
                text4                              4D58     4D58        A         0
                text3                              4390     4390       80         0
                text2                              4CC2     4CC2       1E         0
                text1                              4CA2     4CA2       20         0
                text0                               9F2      9F2      74C         0
                cinit                              46A2     46A2       52         0
                idataCOMRAM                        4D3E     4D3E        D         0

        CLASS   CONST          

        CLASS   SMALLCONST     

        CLASS   MEDIUMCONST    
                mediumconst                        FEFA     FEFA      106         0

        CLASS   COMRAM         
                temp                                 6E       6E        1         1
                cstackCOMRAM                          1        1       50         1
                dataCOMRAM                           61       61        D         1
                bssCOMRAM                            51       51       10         1

        CLASS   ABS1           

        CLASS   BIGRAM         

        CLASS   RAM            

        CLASS   BANK0          
                cstackBANK0                          80       80       7F         1

        CLASS   BANK1          
                cstackBANK1                         100      100       C0         1
                bssBANK1                            1C0      1C0       2A         1

        CLASS   BANK2          
                bssBANK2                            200      200       D0         1

        CLASS   BANK3          

        CLASS   BANK4          

        CLASS   BANK5          

        CLASS   BANK6          

        CLASS   BANK7          

        CLASS   BANK8          

        CLASS   BANK9          

        CLASS   BANK10         

        CLASS   BANK11         

        CLASS   BANK12         

        CLASS   BANK13         

        CLASS   BANK14         

        CLASS   BANK15         

        CLASS   SFR            

        CLASS   FARRAM         

        CLASS   CONFIG         
                config                           300000   300000        E         0

        CLASS   IDLOC          
                idloc                            200000   200000        8         0

        CLASS   EEDATA         



SEGMENTS        Name                           Load    Length   Top    Selector   Space  Class

                reset_vec                      000000  000004  000004         0       0  CODE    
                cstackCOMRAM                   000001  00006E  00006F         1       1  COMRAM  
                intcode                        000008  004D43  004D4B         4       0  CODE    
                cstackBANK0                    000080  00007F  0000FF        80       1  BANK0   
                cstackBANK1                    000100  0000EA  0001EA       100       1  BANK1   
                bssBANK2                       000200  0000D0  0002D0       200       1  BANK2   
                text12                         004D4C  00002A  004D76      26A6       0  CODE    
                mediumconst                    00FEFA  000106  010000      7F7D       0  MEDIUMCO
                idloc                          200000  000008  200008    200000       0  IDLOC   
                config                         300000  00000E  30000E    300000       0  CONFIG  


UNUSED ADDRESS RANGES

        Name                Unused          Largest block    Delta
        BANK0            0000FF-0000FF                1
        BANK1            0001EA-0001FF               16
        BANK10           000A00-000AFF              100
        BANK11           000B00-000BFF              100
        BANK12           000C00-000CFF              100
        BANK13           000D00-000DFF              100
        BANK14           000E00-000EFF              100
        BANK15           000F00-000F7F               80
        BANK2            0002D0-0002FF               30
        BANK3            000300-0003FF              100
        BANK4            000400-0004FF              100
        BANK5            000500-0005FF              100
        BANK6            000600-0006FF              100
        BANK7            000700-0007FF              100
        BANK8            000800-0008FF              100
        BANK9            000900-0009FF              100
        BIGRAM           00006F-00007F               11
                         0000FF-0000FF                1
                         0001EA-0001FF               16
                         0002D0-000F7F              CB0
        CODE             000004-000007                4
                         004D4B-004D4B                1
                         004D76-00FEF9             B184
        COMRAM           00006F-00007F               11
        CONST            000004-000007                4
                         004D4B-004D4B                1
                         004D76-00FEF9             B184
        EEDATA           F00000-F003FF              400
        MEDIUMCONST      004D4B-004D4B                1
                         004D76-00FEF9             B184
        RAM              0000FF-0000FF                1
                         0001EA-0001FF               16
                         0002D0-000F7F              100
        SFR              000F80-000FFF               80
        SMALLCONST       004D4B-004D4B                1
                         004D76-00FEF9              100
        STACK            0002D0-000F7F              CB0

                                  Symbol Table

?___aodiv                     cstackBANK0  000080
?___aomod                     cstackBANK0  000080
?___awdiv                     cstackBANK0  000080
?___awmod                     cstackBANK0  000080
?___fladd                     cstackBANK0  000094
?___fldiv                     cstackBANK0  000094
?___flmul                     cstackBANK0  0000B8
?___flneg                     cstackBANK0  000080
?___flsub                     cstackBANK0  0000D1
?___fltol                     cstackBANK0  0000D1
?___fpclassifyf               cstackBANK0  000080
?___wmul                      cstackBANK0  000080
?___xxtofl                    cstackBANK0  000086
?_abs                         cstackBANK0  000092
?_atoi                        cstackBANK0  000087
?_ctoa                        cstackBANK0  00009B
?_dtoa                        cstackBANK0  00009B
?_efgtoa                      cstackBANK0  0000E5
?_floorf                      cstackBANK0  0000AD
?_isdigit                     cstackBANK0  000080
?_isspace                     cstackBANK0  000080
?_isupper                     cstackBANK0  000080
?_pad                         cstackBANK0  000090
?_read_adc_raw_no_lib         cstackBANK0  000080
?_read_adc_voltage            cstackBANK0  0000AD
?_sprintf                     cstackBANK1  000156
?_stoa                        cstackBANK0  000089
?_strlen                      cstackBANK0  000080
?_strncmp                     cstackBANK0  000080
?_tolower                     cstackBANK0  000086
?_vfpfcnvrt                   cstackBANK0  0000F1
?_vfprintf                    cstackBANK1  000150
?i2___fladd                   cstackCOMRAM 000001
?i2___fldiv                   cstackCOMRAM 000028
?i2___flmul                   cstackCOMRAM 00000F
?i2___fltol                   cstackCOMRAM 000011
?i2___xxtofl                  cstackCOMRAM 000001
Serial_IntS@RecvedChar        cstackCOMRAM 00004B
_ADCON0                       (abs)        000FC2
_ADCON0bits                   (abs)        000FC2
_ADCON1                       (abs)        000FC1
_ADCON2                       (abs)        000FC0
_ADRESH                       (abs)        000FC4
_ADRESL                       (abs)        000FC3
_BAUDCONbits                  (abs)        000FB8
_CCP1CON                      (abs)        000FBD
_CCP1CONbits                  (abs)        000FBD
_CCPR1L                       (abs)        000FBE
_EXT_Int0_isr                 text70       003D20
_EXT_Int1_isr                 text68       003B96
_EXT_Int1_isr$2668            cstackCOMRAM 00004B
_EXT_Int2_isr                 text67       003AC8
_EXT_Int2_isr$2669            cstackCOMRAM 00004B
_FanSpeed                     text66       004C80
_HC                           bssBANK1     0001E7
_HS                           bssCOMRAM    000059
_HSS                          bssBANK1     0001E3
_Heater_OFF                   text60       004CE0
_INTCON                       (abs)        000FF2
_INTCON2                      (abs)        000FF1
_INTCON2bits                  (abs)        000FF1
_INTCON3                      (abs)        000FF0
_INTCON3bits                  (abs)        000FF0
_INTCONbits                   (abs)        000FF2
_IPR1                         (abs)        000F9F
_IPR2                         (abs)        000FA2
_LCD                          bssBANK2     000290
_LCD_INIT_STRING              dataCOMRAM   000068
_MODEDISPLAY                  bssBANK2     000250
_OT                           bssBANK1     0001C8
_PERCENT                      bssBANK1     0001DD
_PIE1                         (abs)        000F9D
_PIE1bits                     (abs)        000F9D
_PIE2                         (abs)        000FA0
_PIE2bits                     (abs)        000FA0
_PIR1                         (abs)        000F9E
_PIR1bits                     (abs)        000F9E
_PIR2                         (abs)        000FA1
_PIR2bits                     (abs)        000FA1
_PORTB                        (abs)        000F81
_PORTBbits                    (abs)        000F81
_PORTC                        (abs)        000F82
_PORTCbits                    (abs)        000F82
_PORTEbits                    (abs)        000F84
_PR2                          (abs)        000FCB
_PercentCoolCounter           bssCOMRAM    00005B
_PercentHeatCounter           bssCOMRAM    00005F
_R                            bssBANK1     0001C0
_RCONbits                     (abs)        000FD0
_RCREG                        (abs)        000FAE
_RCSTA                        (abs)        000FAB
_RCSTAbits                    (abs)        000FAB
_RPS_count                    bssBANK1     0001D8
_RT                           bssBANK1     0001C4
_SP                           bssBANK1     0001CC
_SPBRG                        (abs)        000FAF
_SPBRGH                       (abs)        000FB0
_SendToSerial                 bssBANK1     0001DA
_Serial_IntS                  text63       004A0A
_T0CON                        (abs)        000FD5
_T0CONbits                    (abs)        000FD5
_T1CONbits                    (abs)        000FCD
_T2CON                        (abs)        000FCA
_T2CONbits                    (abs)        000FCA
_T3CON                        (abs)        000FB1
_T3CONbits                    (abs)        000FB1
_TMR0H                        (abs)        000FD7
_TMR0L                        (abs)        000FD6
_TMR1H                        (abs)        000FCF
_TMR1L                        (abs)        000FCE
_TMR3H                        (abs)        000FB3
_TMR3L                        (abs)        000FB2
_TRISA                        (abs)        000F92
_TRISB                        (abs)        000F93
_TRISC                        (abs)        000F94
_TRISCbits                    (abs)        000F94
_TRISD                        (abs)        000F95
_TRISE                        (abs)        000F96
_TXREG                        (abs)        000FAD
_TXSTA                        (abs)        000FAC
_TXSTAbits                    (abs)        000FAC
_Timer3_isr                   text62       0048F2
__CFG_BOREN$SBORDIS           (abs)        000000
__CFG_BORV$3                  (abs)        000000
__CFG_CCP2MX$PORTC            (abs)        000000
__CFG_CP0$OFF                 (abs)        000000
__CFG_CP1$OFF                 (abs)        000000
__CFG_CP2$OFF                 (abs)        000000
__CFG_CP3$OFF                 (abs)        000000
__CFG_CPB$OFF                 (abs)        000000
__CFG_CPD$OFF                 (abs)        000000
__CFG_EBTR0$OFF               (abs)        000000
__CFG_EBTR1$OFF               (abs)        000000
__CFG_EBTR2$OFF               (abs)        000000
__CFG_EBTR3$OFF               (abs)        000000
__CFG_EBTRB$OFF               (abs)        000000
__CFG_FCMEN$OFF               (abs)        000000
__CFG_IESO$OFF                (abs)        000000
__CFG_LPT1OSC$OFF             (abs)        000000
__CFG_LVP$ON                  (abs)        000000
__CFG_MCLRE$ON                (abs)        000000
__CFG_OSC$XT                  (abs)        000000
__CFG_PBADEN$ON               (abs)        000000
__CFG_PWRT$OFF                (abs)        000000
__CFG_STVREN$ON               (abs)        000000
__CFG_WDT$ON                  (abs)        000000
__CFG_WDTPS$32768             (abs)        000000
__CFG_WRT0$OFF                (abs)        000000
__CFG_WRT1$OFF                (abs)        000000
__CFG_WRT2$OFF                (abs)        000000
__CFG_WRT3$OFF                (abs)        000000
__CFG_WRTB$OFF                (abs)        000000
__CFG_WRTC$OFF                (abs)        000000
__CFG_WRTD$OFF                (abs)        000000
__CFG_XINST$OFF               (abs)        000000
__HRAM                        (abs)        000000
__Habs1                       abs1         000000
__Hbank0                      bank0        000000
__Hbank1                      bank1        000000
__Hbank10                     bank10       000000
__Hbank11                     bank11       000000
__Hbank12                     bank12       000000
__Hbank13                     bank13       000000
__Hbank14                     bank14       000000
__Hbank15                     bank15       000000
__Hbank2                      bank2        000000
__Hbank3                      bank3        000000
__Hbank4                      bank4        000000
__Hbank5                      bank5        000000
__Hbank6                      bank6        000000
__Hbank7                      bank7        000000
__Hbank8                      bank8        000000
__Hbank9                      bank9        000000
__Hbigbss                     bigbss       000000
__Hbigdata                    bigdata      000000
__Hbigram                     bigram       000000
__Hbss                        bss          000000
__HbssBANK1                   bssBANK1     000000
__HbssBANK2                   bssBANK2     000000
__HbssCOMRAM                  bssCOMRAM    000000
__Hcinit                      cinit        000000
__Hclrtext                    clrtext      000000
__Hcomram                     comram       000000
__Hconfig                     config       30000E
__Hconst                      const        000000
__HcstackBANK0                cstackBANK0  000000
__HcstackBANK1                cstackBANK1  000000
__HcstackCOMRAM               cstackCOMRAM 000000
__Hdata                       data         000000
__HdataCOMRAM                 dataCOMRAM   000000
__Heeprom_data                eeprom_data  000000
__Hfarbss                     farbss       000000
__Hfardata                    fardata      000000
__Hibigdata                   ibigdata     000000
__Hidata                      idata        000000
__HidataCOMRAM                idataCOMRAM  000000
__Hidloc                      idloc        200008
__Hifardata                   ifardata     000000
__Hinit                       init         000012
__Hintcode                    intcode      00000E
__Hintcode_body               intcode_body 000000
__Hintcodelo                  intcodelo    00000E
__Hintentry                   intentry     000000
__Hintret                     intret       000000
__Hintsave_regs               intsave_regs 000000
__Hirdata                     irdata       000000
__Hmediumconst                mediumconst  010000
__HnvFARRAM                   nvFARRAM     000000
__Hnvbit                      nvbit        000000
__Hnvrram                     nvrram       000000
__Hparam                      rparam       000000
__Hpowerup                    powerup      00000E
__Hram                        ram          000000
__Hramtop                     ramtop       001000
__Hrbit                       rbit         000000
__Hrbss                       rbss         000000
__Hrdata                      rdata        000000
__Hreset_vec                  reset_vec    000004
__Hrparam                     rparam       000000
__Hsfr                        sfr          000000
__Hsmallconst                 smallconst   000000
__Hspace_0                    (abs)        30000E
__Hspace_1                    (abs)        0002D0
__Hspace_2                    (abs)        000000
__Hstack                      stack        000000
__Hstruct                     struct       000000
__Htemp                       temp         00006F
__Htext                       text         000000
__Htext0                      text0        000000
__Htext1                      text1        000000
__Htext10                     text10       000000
__Htext11                     text11       000000
__Htext12                     text12       000000
__Htext13                     text13       000000
__Htext14                     text14       000000
__Htext15                     text15       000000
__Htext16                     text16       000000
__Htext17                     text17       000000
__Htext18                     text18       000000
__Htext19                     text19       000000
__Htext2                      text2        000000
__Htext20                     text20       000000
__Htext21                     text21       000000
__Htext22                     text22       000000
__Htext23                     text23       000000
__Htext24                     text24       000000
__Htext25                     text25       000000
__Htext26                     text26       000000
__Htext27                     text27       000000
__Htext28                     text28       000000
__Htext29                     text29       000000
__Htext3                      text3        000000
__Htext30                     text30       000000
__Htext31                     text31       000000
__Htext32                     text32       000000
__Htext33                     text33       000000
__Htext34                     text34       000000
__Htext35                     text35       000000
__Htext36                     text36       000000
__Htext37                     text37       000000
__Htext38                     text38       000000
__Htext39                     text39       000000
__Htext4                      text4        000000
__Htext40                     text40       000000
__Htext41                     text41       000000
__Htext42                     text42       000000
__Htext43                     text43       000000
__Htext44                     text44       000000
__Htext45                     text45       000000
__Htext46                     text46       000000
__Htext47                     text47       000000
__Htext48                     text48       000000
__Htext49                     text49       000000
__Htext5                      text5        000000
__Htext50                     text50       000000
__Htext51                     text51       000000
__Htext52                     text52       000000
__Htext53                     text53       000000
__Htext54                     text54       000000
__Htext55                     text55       000000
__Htext56                     text56       000000
__Htext57                     text57       000000
__Htext58                     text58       000000
__Htext59                     text59       000000
__Htext6                      text6        000000
__Htext60                     text60       000000
__Htext62                     text62       000000
__Htext63                     text63       000000
__Htext64                     text64       000000
__Htext65                     text65       000000
__Htext66                     text66       000000
__Htext67                     text67       000000
__Htext68                     text68       000000
__Htext69                     text69       000000
__Htext7                      text7        000000
__Htext70                     text70       000000
__Htext71                     text71       000000
__Htext72                     text72       000000
__Htext73                     text73       000000
__Htext74                     text74       000000
__Htext75                     text75       000000
__Htext76                     text76       000000
__Htext77                     text77       000000
__Htext78                     text78       000000
__Htext8                      text8        000000
__Htext9                      text9        000000
__LRAM                        (abs)        000001
__Labs1                       abs1         000000
__Lbank0                      bank0        000000
__Lbank1                      bank1        000000
__Lbank10                     bank10       000000
__Lbank11                     bank11       000000
__Lbank12                     bank12       000000
__Lbank13                     bank13       000000
__Lbank14                     bank14       000000
__Lbank15                     bank15       000000
__Lbank2                      bank2        000000
__Lbank3                      bank3        000000
__Lbank4                      bank4        000000
__Lbank5                      bank5        000000
__Lbank6                      bank6        000000
__Lbank7                      bank7        000000
__Lbank8                      bank8        000000
__Lbank9                      bank9        000000
__Lbigbss                     bigbss       000000
__Lbigdata                    bigdata      000000
__Lbigram                     bigram       000000
__Lbss                        bss          000000
__LbssBANK1                   bssBANK1     000000
__LbssBANK2                   bssBANK2     000000
__LbssCOMRAM                  bssCOMRAM    000000
__Lcinit                      cinit        000000
__Lclrtext                    clrtext      000000
__Lcomram                     comram       000000
__Lconfig                     config       300000
__Lconst                      const        000000
__LcstackBANK0                cstackBANK0  000000
__LcstackBANK1                cstackBANK1  000000
__LcstackCOMRAM               cstackCOMRAM 000000
__Ldata                       data         000000
__LdataCOMRAM                 dataCOMRAM   000000
__Leeprom_data                eeprom_data  000000
__Lfarbss                     farbss       000000
__Lfardata                    fardata      000000
__Libigdata                   ibigdata     000000
__Lidata                      idata        000000
__LidataCOMRAM                idataCOMRAM  000000
__Lidloc                      idloc        200000
__Lifardata                   ifardata     000000
__Linit                       init         00000E
__Lintcode                    intcode      000008
__Lintcode_body               intcode_body 000000
__Lintcodelo                  intcodelo    00000E
__Lintentry                   intentry     000000
__Lintret                     intret       000000
__Lintsave_regs               intsave_regs 000000
__Lirdata                     irdata       000000
__Lmediumconst                mediumconst  00FEFA
__LnvFARRAM                   nvFARRAM     000000
__Lnvbit                      nvbit        000000
__Lnvrram                     nvrram       000000
__Lparam                      rparam       000000
__Lpowerup                    powerup      00000E
__Lram                        ram          000000
__Lramtop                     ramtop       001000
__Lrbit                       rbit         000000
__Lrbss                       rbss         000000
__Lrdata                      rdata        000000
__Lreset_vec                  reset_vec    000000
__Lrparam                     rparam       000000
__Lsfr                        sfr          000000
__Lsmallconst                 smallconst   000000
__Lspace_0                    (abs)        000000
__Lspace_1                    (abs)        000000
__Lspace_2                    (abs)        000000
__Lstack                      stack        000000
__Lstruct                     struct       000000
__Ltemp                       temp         00006E
__Ltext                       text         000000
__Ltext0                      text0        000000
__Ltext1                      text1        000000
__Ltext10                     text10       000000
__Ltext11                     text11       000000
__Ltext12                     text12       000000
__Ltext13                     text13       000000
__Ltext14                     text14       000000
__Ltext15                     text15       000000
__Ltext16                     text16       000000
__Ltext17                     text17       000000
__Ltext18                     text18       000000
__Ltext19                     text19       000000
__Ltext2                      text2        000000
__Ltext20                     text20       000000
__Ltext21                     text21       000000
__Ltext22                     text22       000000
__Ltext23                     text23       000000
__Ltext24                     text24       000000
__Ltext25                     text25       000000
__Ltext26                     text26       000000
__Ltext27                     text27       000000
__Ltext28                     text28       000000
__Ltext29                     text29       000000
__Ltext3                      text3        000000
__Ltext30                     text30       000000
__Ltext31                     text31       000000
__Ltext32                     text32       000000
__Ltext33                     text33       000000
__Ltext34                     text34       000000
__Ltext35                     text35       000000
__Ltext36                     text36       000000
__Ltext37                     text37       000000
__Ltext38                     text38       000000
__Ltext39                     text39       000000
__Ltext4                      text4        000000
__Ltext40                     text40       000000
__Ltext41                     text41       000000
__Ltext42                     text42       000000
__Ltext43                     text43       000000
__Ltext44                     text44       000000
__Ltext45                     text45       000000
__Ltext46                     text46       000000
__Ltext47                     text47       000000
__Ltext48                     text48       000000
__Ltext49                     text49       000000
__Ltext5                      text5        000000
__Ltext50                     text50       000000
__Ltext51                     text51       000000
__Ltext52                     text52       000000
__Ltext53                     text53       000000
__Ltext54                     text54       000000
__Ltext55                     text55       000000
__Ltext56                     text56       000000
__Ltext57                     text57       000000
__Ltext58                     text58       000000
__Ltext59                     text59       000000
__Ltext6                      text6        000000
__Ltext60                     text60       000000
__Ltext62                     text62       000000
__Ltext63                     text63       000000
__Ltext64                     text64       000000
__Ltext65                     text65       000000
__Ltext66                     text66       000000
__Ltext67                     text67       000000
__Ltext68                     text68       000000
__Ltext69                     text69       000000
__Ltext7                      text7        000000
__Ltext70                     text70       000000
__Ltext71                     text71       000000
__Ltext72                     text72       000000
__Ltext73                     text73       000000
__Ltext74                     text74       000000
__Ltext75                     text75       000000
__Ltext76                     text76       000000
__Ltext77                     text77       000000
__Ltext78                     text78       000000
__Ltext8                      text8        000000
__Ltext9                      text9        000000
__S0                          (abs)        30000E
__S1                          (abs)        0002D0
__S2                          (abs)        000000
___aodiv                      text42       0031B4
___aodiv@counter              cstackBANK0  000090
___aodiv@dividend             cstackBANK0  000080
___aodiv@divisor              cstackBANK0  000088
___aodiv@quotient             cstackBANK0  000092
___aodiv@sign                 cstackBANK0  000091
___aomod                      text41       003802
___aomod@counter              cstackBANK0  000090
___aomod@dividend             cstackBANK0  000080
___aomod@divisor              cstackBANK0  000088
___aomod@sign                 cstackBANK0  000091
___awdiv                      text38       00430A
___awdiv@counter              cstackBANK0  000084
___awdiv@dividend             cstackBANK0  000080
___awdiv@divisor              cstackBANK0  000082
___awdiv@quotient             cstackBANK0  000086
___awdiv@sign                 cstackBANK0  000085
___awmod                      text37       004410
___awmod@counter              cstackBANK0  000084
___awmod@dividend             cstackBANK0  000080
___awmod@divisor              cstackBANK0  000082
___awmod@sign                 cstackBANK0  000085
___fladd                      text31       00226E
___fladd@a                    cstackBANK0  000098
___fladd@aexp                 cstackBANK0  0000A1
___fladd@b                    cstackBANK0  000094
___fladd@bexp                 cstackBANK0  0000A2
___fladd@grs                  cstackBANK0  0000A3
___fladd@signs                cstackBANK0  0000A0
___fldiv                      text36       002888
___fldiv@a                    cstackBANK0  000098
___fldiv@aexp                 cstackBANK0  0000AC
___fldiv@b                    cstackBANK0  000094
___fldiv@bexp                 cstackBANK0  0000AB
___fldiv@grs                  cstackBANK0  0000A7
___fldiv@new_exp              cstackBANK0  0000A5
___fldiv@rem                  cstackBANK0  0000A0
___fldiv@sign                 cstackBANK0  0000A4
___fleq                       text35       00427E
___fleq@ff1                   cstackBANK0  000080
___fleq@ff2                   cstackBANK0  000084
___flge                       text34       003928
___flge@ff1                   cstackBANK0  0000D9
___flge@ff2                   cstackBANK0  0000DD
___flmul                      text33       001BC8
___flmul@a                    cstackBANK0  0000BC
___flmul@aexp                 cstackBANK0  0000C9
___flmul@b                    cstackBANK0  0000B8
___flmul@bexp                 cstackBANK0  0000CA
___flmul@grs                  cstackBANK0  0000C5
___flmul@prod                 cstackBANK0  0000CB
___flmul@sign                 cstackBANK0  0000C4
___flmul@temp                 cstackBANK0  0000CF
___flneg                      text32       004B04
___flneg@f1                   cstackBANK0  000080
___flsub                      text30       0047E2
___flsub@a                    cstackBANK0  0000D5
___flsub@b                    cstackBANK0  0000D1
___fltol                      text29       003DDE
___fltol@exp1                 cstackBANK0  0000DA
___fltol@f1                   cstackBANK0  0000D1
___fltol@sign1                cstackBANK0  0000D9
___fpclassifyf                text28       0039FA
___fpclassifyf@F463           bssCOMRAM    000055
___fpclassifyf@e              cstackBANK0  000088
___fpclassifyf@u              cstackBANK0  00008A
___fpclassifyf@x              cstackBANK0  000080
___inthi_sp                   stack        000000
___intlo_sp                   stack        000000
___param_bank                 (abs)        000000
___rparam_used                (abs)        000001
___sp                         stack        000000
___wmul                       text52       004BE6
___wmul@multiplicand          cstackBANK0  000082
___wmul@multiplier            cstackBANK0  000080
___wmul@product               cstackBANK0  000084
___xxtofl                     text9        0032FE
___xxtofl@arg                 cstackBANK0  000090
___xxtofl@exp                 cstackBANK0  00008F
___xxtofl@sign                cstackBANK0  00008E
___xxtofl@val                 cstackBANK0  000086
__accesstop                   (abs)        000080
__activetblptr                (abs)        000002
__end_of_EXT_Int0_isr         text70       003DDE
__end_of_EXT_Int1_isr         text68       003C60
__end_of_EXT_Int2_isr         text67       003B96
__end_of_FanSpeed             text66       004CA2
__end_of_Heater_OFF           text60       004CFC
__end_of_Serial_IntS          text63       004A3E
__end_of_Timer3_isr           text62       004932
__end_of___aodiv              text42       0032FE
__end_of___aomod              text41       003928
__end_of___awdiv              text38       004390
__end_of___awmod              text37       004482
__end_of___fladd              text31       00257C
__end_of___fldiv              text36       002B12
__end_of___fleq               text35       00430A
__end_of___flge               text34       0039FA
__end_of___flmul              text33       001F1C
__end_of___flneg              text32       004B34
__end_of___flsub              text30       00482A
__end_of___fltol              text29       003E9A
__end_of___fpclassifyf        text28       003AC8
__end_of___wmul               text52       004C0E
__end_of___xxtofl             text9        003442
__end_of__initialization      cinit        0046E6
__end_of_abs                  text40       0049D6
__end_of_atoi                 text49       003586
__end_of_ctoa                 text43       0045A2
__end_of_delay_cycles         text58       004A0A
__end_of_delay_ms             text59       004BE6
__end_of_display              text17       001BC8
__end_of_dtoa                 text39       002FFA
__end_of_efgtoa               text23       0009F2
__end_of_floorf               text27       0031B4
__end_of_fputc                text47       004152
__end_of_fputs                text46       00496E
__end_of_go_Off_Mode          text14       0049A2
__end_of_highIsr              intcode_body 0047E2
__end_of_initTimers01         text13       004BBC
__end_of_init_adc_no_lib      text12       004D58
__end_of_init_pwm1            text11       004D2C
__end_of_isdigit              text51       004AA2
__end_of_isspace              text50       0048F2
__end_of_isupper              text25       004A70
__end_of_lcd_gotoxy           text55       0046A2
__end_of_lcd_init             text10       0045F8
__end_of_lcd_putc             text54       0044EC
__end_of_lcd_puts             text53       004C5A
__end_of_lcd_send_byte        text56       0048B2
__end_of_lcd_send_nibble      text57       004C80
__end_of_main                 text0        00113E
__end_of_pad                  text44       0041F2
__end_of_putch                text48       004D76
__end_of_read_adc_raw_no_lib  text8        00486E
__end_of_read_adc_voltage     text7        00427E
__end_of_read_byte_no_lib     text65       004D74
__end_of_reloadTimer3         text4        004D62
__end_of_send_byte_no_lib     text6        004D3E
__end_of_send_string_no_lib   text5        004C34
__end_of_set_fakePWM_Heater   text3        004410
__end_of_set_pwm1_percent     text15       003D20
__end_of_set_pwm1_raw         text16       004B04
__end_of_setupPorts           text2        004CE0
__end_of_setupSerial          text1        004CC2
__end_of_sprintf              text18       004746
__end_of_stoa                 text22       003802
__end_of_strcpy               text26       00464E
__end_of_strlen               text45       004B62
__end_of_strncmp              text21       0040B0
__end_of_tolower              text24       004794
__end_of_vfpfcnvrt            text20       00175E
__end_of_vfprintf             text19       00454A
__end_ofi2_Heater_OFF         text78       004D18
__end_ofi2___fladd            text76       002888
__end_ofi2___fldiv            text75       002D9A
__end_ofi2___flmul            text74       00226E
__end_ofi2___fltol            text73       003F54
__end_ofi2___xxtofl           text69       0036C6
__end_ofi2_go_Off_Mode        text64       004AD4
__end_ofi2_reloadTimer3       text77       004D6C
__end_ofi2_set_pwm1_percent   text71       00400C
__end_ofi2_set_pwm1_raw       text72       004B90
__initialization              cinit        0046A2
__mediumconst                 mediumconst  00FEFA
__pbssBANK1                   bssBANK1     0001C0
__pbssBANK2                   bssBANK2     000200
__pbssCOMRAM                  bssCOMRAM    000051
__pcinit                      cinit        0046A2
__pcstackBANK0                cstackBANK0  000080
__pcstackBANK1                cstackBANK1  000100
__pcstackCOMRAM               cstackCOMRAM 000001
__pdataCOMRAM                 dataCOMRAM   000061
__pidataCOMRAM                idataCOMRAM  004D3E
__pintcode                    intcode      000008
__pintcode_body               intcode_body 004794
__pmediumconst                mediumconst  00FEFA
__ptext0                      text0        0009F2
__ptext1                      text1        004CA2
__ptext10                     text10       0045A2
__ptext11                     text11       004D18
__ptext12                     text12       004D4C
__ptext13                     text13       004B90
__ptext14                     text14       00496E
__ptext15                     text15       003C60
__ptext16                     text16       004AD4
__ptext17                     text17       00175E
__ptext18                     text18       0046F4
__ptext19                     text19       0044EC
__ptext2                      text2        004CC2
__ptext20                     text20       00113E
__ptext21                     text21       00400C
__ptext22                     text22       0036C6
__ptext23                     text23       000012
__ptext24                     text24       004746
__ptext25                     text25       004A3E
__ptext26                     text26       0045F8
__ptext27                     text27       002FFA
__ptext28                     text28       0039FA
__ptext29                     text29       003DDE
__ptext3                      text3        004390
__ptext30                     text30       0047E2
__ptext31                     text31       00226E
__ptext32                     text32       004B04
__ptext33                     text33       001BC8
__ptext34                     text34       003928
__ptext35                     text35       00427E
__ptext36                     text36       002888
__ptext37                     text37       004410
__ptext38                     text38       00430A
__ptext39                     text39       002D9A
__ptext4                      text4        004D58
__ptext40                     text40       0049A2
__ptext41                     text41       003802
__ptext42                     text42       0031B4
__ptext43                     text43       00454A
__ptext44                     text44       004152
__ptext45                     text45       004B34
__ptext46                     text46       004932
__ptext47                     text47       0040B0
__ptext48                     text48       004D74
__ptext49                     text49       003442
__ptext5                      text5        004C0E
__ptext50                     text50       0048B2
__ptext51                     text51       004A70
__ptext52                     text52       004BE6
__ptext53                     text53       004C34
__ptext54                     text54       004482
__ptext55                     text55       00464E
__ptext56                     text56       00486E
__ptext57                     text57       004C5A
__ptext58                     text58       0049D6
__ptext59                     text59       004BBC
__ptext6                      text6        004D2C
__ptext60                     text60       004CE0
__ptext62                     text62       0048F2
__ptext63                     text63       004A0A
__ptext64                     text64       004AA2
__ptext65                     text65       004D6C
__ptext66                     text66       004C80
__ptext67                     text67       003AC8
__ptext68                     text68       003B96
__ptext69                     text69       003586
__ptext7                      text7        0041F2
__ptext70                     text70       003D20
__ptext71                     text71       003F54
__ptext72                     text72       004B62
__ptext73                     text73       003E9A
__ptext74                     text74       001F1C
__ptext75                     text75       002B12
__ptext76                     text76       00257C
__ptext77                     text77       004D62
__ptext78                     text78       004CFC
__ptext8                      text8        00482A
__ptext9                      text9        0032FE
__ramtop                      ramtop       001000
__size_of_EXT_Int0_isr        (abs)        000000
__size_of_EXT_Int1_isr        (abs)        000000
__size_of_EXT_Int2_isr        (abs)        000000
__size_of_FanSpeed            (abs)        000000
__size_of_Heater_OFF          (abs)        000000
__size_of_Serial_IntS         (abs)        000000
__size_of_Timer3_isr          (abs)        000000
__size_of___aodiv             (abs)        000000
__size_of___aomod             (abs)        000000
__size_of___awdiv             (abs)        000000
__size_of___awmod             (abs)        000000
__size_of___fladd             (abs)        000000
__size_of___fldiv             (abs)        000000
__size_of___fleq              (abs)        000000
__size_of___flge              (abs)        000000
__size_of___flmul             (abs)        000000
__size_of___flneg             (abs)        000000
__size_of___flsub             (abs)        000000
__size_of___fltol             (abs)        000000
__size_of___fpclassifyf       (abs)        000000
__size_of___wmul              (abs)        000000
__size_of___xxtofl            (abs)        000000
__size_of_abs                 (abs)        000000
__size_of_atoi                (abs)        000000
__size_of_ctoa                (abs)        000000
__size_of_delay_cycles        (abs)        000000
__size_of_delay_ms            (abs)        000000
__size_of_display             (abs)        000000
__size_of_dtoa                (abs)        000000
__size_of_efgtoa              (abs)        000000
__size_of_floorf              (abs)        000000
__size_of_fputc               (abs)        000000
__size_of_fputs               (abs)        000000
__size_of_go_Off_Mode         (abs)        000000
__size_of_highIsr             (abs)        000000
__size_of_initTimers01        (abs)        000000
__size_of_init_adc_no_lib     (abs)        000000
__size_of_init_pwm1           (abs)        000000
__size_of_isdigit             (abs)        000000
__size_of_isspace             (abs)        000000
__size_of_isupper             (abs)        000000
__size_of_lcd_gotoxy          (abs)        000000
__size_of_lcd_init            (abs)        000000
__size_of_lcd_putc            (abs)        000000
__size_of_lcd_puts            (abs)        000000
__size_of_lcd_send_byte       (abs)        000000
__size_of_lcd_send_nibble     (abs)        000000
__size_of_main                (abs)        000000
__size_of_pad                 (abs)        000000
__size_of_putch               (abs)        000000
__size_of_read_adc_raw_no_lib (abs)        000000
__size_of_read_adc_voltage    (abs)        000000
__size_of_read_byte_no_lib    (abs)        000000
__size_of_reloadTimer3        (abs)        000000
__size_of_send_byte_no_lib    (abs)        000000
__size_of_send_string_no_lib  (abs)        000000
__size_of_set_fakePWM_Heater  (abs)        000000
__size_of_set_pwm1_percent    (abs)        000000
__size_of_set_pwm1_raw        (abs)        000000
__size_of_setupPorts          (abs)        000000
__size_of_setupSerial         (abs)        000000
__size_of_sprintf             (abs)        000000
__size_of_stoa                (abs)        000000
__size_of_strcpy              (abs)        000000
__size_of_strlen              (abs)        000000
__size_of_strncmp             (abs)        000000
__size_of_tolower             (abs)        000000
__size_of_vfpfcnvrt           (abs)        000000
__size_of_vfprintf            (abs)        000000
__size_ofi2_Heater_OFF        (abs)        000000
__size_ofi2___fladd           (abs)        000000
__size_ofi2___fldiv           (abs)        000000
__size_ofi2___flmul           (abs)        000000
__size_ofi2___fltol           (abs)        000000
__size_ofi2___xxtofl          (abs)        000000
__size_ofi2_go_Off_Mode       (abs)        000000
__size_ofi2_reloadTimer3      (abs)        000000
__size_ofi2_set_pwm1_percent  (abs)        000000
__size_ofi2_set_pwm1_raw      (abs)        000000
__smallconst                  smallconst   000000
_abs                          text40       0049A2
_atoi                         text49       003442
_atoi$2168                    cstackBANK0  00008F
_atoi$2169                    cstackBANK0  000093
_atoi$2170                    cstackBANK0  000091
_cooler                       bssBANK1     0001DB
_counterTimer3                bssCOMRAM    00005D
_ctoa                         text43       00454A
_dbuf                         bssBANK2     000200
_delay_cycles                 text58       0049D6
_delay_ms                     text59       004BBC
_display                      text17       00175E
_display$2552                 cstackBANK1  000170
_dtoa                         text39       002D9A
_dtoa$1628                    cstackBANK0  0000AD
_efgtoa                       text23       000012
_efgtoa$1651                  cstackBANK1  000104
_efgtoa$1652                  cstackBANK1  000106
_efgtoa$1656                  cstackBANK1  000108
_efgtoa$1660                  cstackBANK1  00010A
_efgtoa$1661                  cstackBANK1  00010C
_efgtoa$1662                  cstackBANK1  00010E
_flags                        bssBANK1     0001D6
_floorf                       text27       002FFA
_fputc                        text47       0040B0
_fputs                        text46       004932
_go_Off_Mode                  text14       00496E
_heater                       bssBANK1     0001DC
_highIsr                      intcode      000008
_initTimers01                 text13       004B90
_init_adc_no_lib              text12       004D4C
_init_pwm1                    text11       004D18
_isdigit                      text51       004A70
_isspace                      text50       0048B2
_isspace$2199                 cstackBANK0  000086
_isupper                      text25       004A3E
_lcd                          (abs)        000F83
_lcd_gotoxy                   text55       00464E
_lcd_init                     text10       0045A2
_lcd_putc                     text54       004482
_lcd_puts                     text53       004C34
_lcd_send_byte                text56       00486E
_lcd_send_nibble              text57       004C5A
_main                         text0        0009F2
_mode                         dataCOMRAM   00006C
_nout                         bssBANK1     0001D0
_pad                          text44       004152
_prec                         bssBANK1     0001D4
_putch                        text48       004D74
_read_adc_raw_no_lib          text8        00482A
_read_adc_voltage             text7        0041F2
_read_byte_no_lib             text65       004D6C
_reloadTimer3                 text4        004D58
_send_byte_no_lib             text6        004D2C
_send_string_no_lib           text5        004C0E
_set_fakePWM_Heater           text3        004390
_set_pwm1_percent             text15       003C60
_set_pwm1_raw                 text16       004AD4
_setupPorts                   text2        004CC2
_setupSerial                  text1        004CA2
_sprintf                      text18       0046F4
_stoa                         text22       0036C6
_strcpy                       text26       0045F8
_strlen                       text45       004B34
_strncmp                      text21       00400C
_tolower                      text24       004746
_tolower$2283                 cstackBANK0  00008C
_vfpfcnvrt                    text20       00113E
_vfpfcnvrt$1687               cstackBANK1  000142
_vfpfcnvrt$1688               cstackBANK1  000144
_vfpfcnvrt$1694               cstackBANK1  000146
_vfprintf                     text19       0044EC
_width                        bssBANK1     0001D2
abs@a                         cstackBANK0  000092
atoi@n                        cstackBANK0  000094
atoi@neg                      cstackBANK0  00008D
atoi@s                        cstackBANK0  000087
btemp                         temp         00006E
ctoa@c                        cstackBANK0  00009D
ctoa@fp                       cstackBANK0  00009B
ctoa@w                        cstackBANK0  00009E
delay_cycles@n                cstackBANK0  000083
delay_cycles@x                cstackBANK0  000084
delay_ms@i                    cstackBANK0  000082
delay_ms@n                    cstackBANK0  000080
dtoa@d                        cstackBANK0  00009D
dtoa@fp                       cstackBANK0  00009B
dtoa@i                        cstackBANK0  0000BD
dtoa@n                        cstackBANK0  0000B5
dtoa@p                        cstackBANK0  0000AF
dtoa@s                        cstackBANK0  0000B3
dtoa@w                        cstackBANK0  0000B1
efgtoa@c                      cstackBANK0  0000EB
efgtoa@d                      cstackBANK1  000118
efgtoa@e                      cstackBANK1  000130
efgtoa@f                      cstackBANK0  0000E7
efgtoa@fp                     cstackBANK0  0000E5
efgtoa@g                      cstackBANK1  00012C
efgtoa@h                      cstackBANK1  000122
efgtoa@i                      cstackBANK1  00012A
efgtoa@l                      cstackBANK1  000126
efgtoa@m                      cstackBANK1  000114
efgtoa@mode                   cstackBANK1  000121
efgtoa@n                      cstackBANK1  000132
efgtoa@ne                     cstackBANK1  000116
efgtoa@nmode                  cstackBANK1  00011E
efgtoa@ou                     cstackBANK1  000100
efgtoa@p                      cstackBANK1  00011C
efgtoa@pp                     cstackBANK1  000112
efgtoa@sign                   cstackBANK1  00011A
efgtoa@t                      cstackBANK1  000110
efgtoa@u                      cstackBANK1  000134
efgtoa@w                      cstackBANK1  00011F
end_of_initialization         cinit        0046E6
floorf@F524                   bssCOMRAM    000051
floorf@e                      cstackBANK0  0000BB
floorf@m                      cstackBANK0  0000B7
floorf@u                      cstackBANK0  0000BD
floorf@x                      cstackBANK0  0000AD
fputc@c                       cstackBANK0  000080
fputc@fp                      cstackBANK0  000082
fputs@c                       cstackBANK0  00008D
fputs@fp                      cstackBANK0  00008B
fputs@i                       cstackBANK0  00008E
fputs@s                       cstackBANK0  000089
i2_Heater_OFF                 text78       004CFC
i2___fladd                    text76       00257C
i2___fladd@a                  cstackCOMRAM 000005
i2___fladd@aexp               cstackCOMRAM 00000E
i2___fladd@b                  cstackCOMRAM 000001
i2___fladd@bexp               cstackCOMRAM 00000F
i2___fladd@grs                cstackCOMRAM 000010
i2___fladd@signs              cstackCOMRAM 00000D
i2___fldiv                    text75       002B12
i2___fldiv@a                  cstackCOMRAM 00002C
i2___fldiv@aexp               cstackCOMRAM 000040
i2___fldiv@b                  cstackCOMRAM 000028
i2___fldiv@bexp               cstackCOMRAM 00003F
i2___fldiv@grs                cstackCOMRAM 00003B
i2___fldiv@new_exp            cstackCOMRAM 000039
i2___fldiv@rem                cstackCOMRAM 000034
i2___fldiv@sign               cstackCOMRAM 000038
i2___flmul                    text74       001F1C
i2___flmul@a                  cstackCOMRAM 000013
i2___flmul@aexp               cstackCOMRAM 000020
i2___flmul@b                  cstackCOMRAM 00000F
i2___flmul@bexp               cstackCOMRAM 000021
i2___flmul@grs                cstackCOMRAM 00001C
i2___flmul@prod               cstackCOMRAM 000022
i2___flmul@sign               cstackCOMRAM 00001B
i2___flmul@temp               cstackCOMRAM 000026
i2___fltol                    text73       003E9A
i2___fltol@exp1               cstackCOMRAM 00001A
i2___fltol@f1                 cstackCOMRAM 000011
i2___fltol@sign1              cstackCOMRAM 000019
i2___xxtofl                   text69       003586
i2___xxtofl@arg               cstackCOMRAM 00000B
i2___xxtofl@exp               cstackCOMRAM 00000A
i2___xxtofl@sign              cstackCOMRAM 000009
i2___xxtofl@val               cstackCOMRAM 000001
i2_go_Off_Mode                text64       004AA2
i2_reloadTimer3               text77       004D62
i2_set_pwm1_percent           text71       003F54
i2_set_pwm1_raw               text72       004B62
i2set_pwm1_percent@raw_val    cstackCOMRAM 000049
i2set_pwm1_percent@tmp        cstackCOMRAM 000045
i2set_pwm1_percent@value      cstackCOMRAM 000041
i2set_pwm1_raw@raw_value      cstackCOMRAM 000001
int$flags                     temp         00006E
int_func                      intcode_body 004794
intlevel0                     text         000000
intlevel1                     text         000000
intlevel2                     text         000000
intlevel3                     text         000000
isdigit@c                     cstackBANK0  000080
isspace@c                     cstackBANK0  000080
isupper@c                     cstackBANK0  000080
lcd_gotoxy@address            cstackBANK0  00008E
lcd_gotoxy@x                  cstackBANK0  00008D
lcd_gotoxy@y                  cstackBANK0  00008A
lcd_init@i                    cstackBANK0  00008A
lcd_putc@c                    cstackBANK0  000091
lcd_puts@s                    cstackBANK0  000092
lcd_send_byte@cm_data         cstackBANK0  000089
lcd_send_byte@n               cstackBANK0  000088
lcd_send_nibble@n             cstackBANK0  000087
main@Buffer                   cstackBANK1  000172
main@CoolerError              cstackBANK1  0001B4
main@HeatError                cstackBANK1  0001B8
main@PWMValue                 cstackBANK1  0001BC
main@RPS                      cstackBANK1  0001B2
pad@buf                       cstackBANK0  000092
pad@fp                        cstackBANK0  000090
pad@i                         cstackBANK0  000097
pad@p                         cstackBANK0  000094
pad@w                         cstackBANK0  000099
read_adc_raw_no_lib@channel   cstackBANK0  000086
read_adc_raw_no_lib@raw_value cstackBANK0  000084
read_adc_voltage@channel      cstackBANK0  0000B7
read_adc_voltage@raw_value    cstackBANK0  0000B5
read_adc_voltage@voltage      cstackBANK0  0000B1
read_byte_no_lib@c            cstackCOMRAM 000001
send_byte_no_lib@c            cstackBANK0  000080
send_string_no_lib@p          cstackBANK0  000081
set_fakePWM_Heater@percent    cstackBANK0  0000DB
set_pwm1_percent@raw_val      cstackBANK0  0000E3
set_pwm1_percent@tmp          cstackBANK0  0000DF
set_pwm1_percent@value        cstackBANK0  0000DB
set_pwm1_raw@raw_value        cstackBANK0  000080
sprintf@ap                    cstackBANK1  000168
sprintf@f                     cstackBANK1  00016A
sprintf@fmt                   cstackBANK1  000158
sprintf@s                     cstackBANK1  000156
stackhi                       (abs)        000F7F
stacklo                       (abs)        0002D0
start                         init         00000E
start_initialization          cinit        0046A2
stoa@F1162                    dataCOMRAM   000061
stoa@cp                       cstackBANK0  000099
stoa@fp                       cstackBANK0  000089
stoa@i                        cstackBANK0  000095
stoa@l                        cstackBANK0  00009D
stoa@nuls                     cstackBANK0  00008E
stoa@p                        cstackBANK0  00009B
stoa@s                        cstackBANK0  00008B
stoa@w                        cstackBANK0  000097
strcpy@d                      cstackBANK0  000088
strcpy@dest                   cstackBANK0  000080
strcpy@s                      cstackBANK0  000086
strcpy@src                    cstackBANK0  000082
strlen@a                      cstackBANK0  000082
strlen@s                      cstackBANK0  000080
strncmp@_l                    cstackBANK0  000080
strncmp@_r                    cstackBANK0  000082
strncmp@l                     cstackBANK0  000087
strncmp@n                     cstackBANK0  000084
strncmp@r                     cstackBANK0  000089
tolower@c                     cstackBANK0  000086
ttemp5                        temp         00006F
ttemp6                        temp         000072
ttemp7                        temp         000076
vfpfcnvrt@ap                  cstackBANK0  0000F5
vfpfcnvrt@c                   cstackBANK1  00014F
vfpfcnvrt@cp                  cstackBANK1  000140
vfpfcnvrt@ct                  cstackBANK1  00014C
vfpfcnvrt@f                   cstackBANK1  000148
vfpfcnvrt@fmt                 cstackBANK0  0000F3
vfpfcnvrt@fp                  cstackBANK0  0000F1
vfpfcnvrt@ll                  cstackBANK1  000138
vfprintf@ap                   cstackBANK1  000154
vfprintf@cfmt                 cstackBANK0  0000FB
vfprintf@fmt                  cstackBANK1  000152
vfprintf@fp                   cstackBANK1  000150
wtemp8                        temp         00006F


FUNCTION INFORMATION:

 *************** function _main *****************
 Defined at:
		line 399 in file "AirConditioning.c"
 Parameters:    Size  Location     Type
		None
 Auto vars:     Size  Location     Type
  PWMValue        4  188[BANK1 ] float 
  HeatError       4  184[BANK1 ] float 
  CoolerError     4  180[BANK1 ] float 
  Buffer         64  114[BANK1 ] unsigned char [64]
  RPS             2  178[BANK1 ] int 
 Return value:  Size  Location     Type
                  1    wreg      void 
 Registers used:
		wreg, fsr1l, fsr1h, fsr2l, fsr2h, status,2, status,0, tblptrl, tblptrh, tblptru, prodl, prodh, cstack
 Tracked objects:
		On entry : 
		On exit  : 
		Unchanged: 
 Data sizes:     COMRAM   BANK0   BANK1   BANK2   BANK3   BANK4   BANK5   BANK6   BANK7   BANK8   BANK9  BANK10  BANK11  BANK12  BANK13  BANK14  BANK15
      Params:         0       0       0       0       0       0       0       0       0       0       0       0       0       0       0       0       0
      Locals:         0       0      78       0       0       0       0       0       0       0       0       0       0       0       0       0       0
      Temps:          0       0       0       0       0       0       0       0       0       0       0       0       0       0       0       0       0
      Totals:         0       0      78       0       0       0       0       0       0       0       0       0       0       0       0       0       0
Total ram usage:       78 bytes
 Hardware stack levels required when called:   14
 This function calls:
		_Heater_OFF
		___fladd
		___fldiv
		___flge
		___flmul
		___flsub
		___fltol
		___wmul
		___xxtofl
		_delay_ms
		_display
		_go_Off_Mode
		_initTimers01
		_init_adc_no_lib
		_init_pwm1
		_lcd_init
		_lcd_send_byte
		_read_adc_voltage
		_send_string_no_lib
		_set_fakePWM_Heater
		_set_pwm1_percent
		_setupPorts
		_setupSerial
		_sprintf
 This function is called by:
		Startup code after reset
 This function uses a non-reentrant model


 *************** function _setupSerial *****************
 Defined at:
		line 3 in file "my_ser.c"
 Parameters:    Size  Location     Type
		None
 Auto vars:     Size  Location     Type
  dummy           1    0        unsigned char 
 Return value:  Size  Location     Type
                  1    wreg      void 
 Registers used:
		wreg, status,2
 Tracked objects:
		On entry : 
		On exit  : 
		Unchanged: 
 Data sizes:     COMRAM   BANK0   BANK1   BANK2   BANK3   BANK4   BANK5   BANK6   BANK7   BANK8   BANK9  BANK10  BANK11  BANK12  BANK13  BANK14  BANK15
      Params:         0       0       0       0       0       0       0       0       0       0       0       0       0       0       0       0       0
      Locals:         0       1       0       0       0       0       0       0       0       0       0       0       0       0       0       0       0
      Temps:          0       0       0       0       0       0       0       0       0       0       0       0       0       0       0       0       0
[...]
  set_pwm1_per    4   68[COMRAM] float 
  set_pwm1_per    2   72[COMRAM] int 
 Return value:  Size  Location     Type
                  1    wreg      void 
 Registers used:
		wreg, status,2, status,0, prodl, prodh, cstack
 Tracked objects:
		On entry : 
		On exit  : 
		Unchanged: 
 Data sizes:     COMRAM   BANK0   BANK1   BANK2   BANK3   BANK4   BANK5   BANK6   BANK7   BANK8   BANK9  BANK10  BANK11  BANK12  BANK13  BANK14  BANK15
      Params:         4       0       0       0       0       0       0       0       0       0       0       0       0       0       0       0       0
      Locals:         6       0       0       0       0       0       0       0       0       0       0       0       0       0       0       0       0
      Temps:          0       0       0       0       0       0       0       0       0       0       0       0       0       0       0       0       0
      Totals:        10       0       0       0       0       0       0       0       0       0       0       0       0       0       0       0       0
Total ram usage:       10 bytes
 Hardware stack levels used:    1
 Hardware stack levels required when called:    1
 This function calls:
		i2___fladd
		i2___fldiv
		i2___flmul
		i2___fltol
		i2_set_pwm1_raw
 This function is called by:
		_EXT_Int0_isr
		_EXT_Int1_isr
		_EXT_Int2_isr
		i2_go_Off_Mode
 This function uses a non-reentrant model


 *************** function i2_set_pwm1_raw *****************
 Defined at:
		line 15 in file "my_pwm.c"
 Parameters:    Size  Location     Type
  raw_value       2    0[COMRAM] unsigned int 
 Auto vars:     Size  Location     Type
		None
 Return value:  Size  Location     Type
                  1    wreg      void 
 Registers used:
		wreg, status,2, status,0
 Tracked objects:
		On entry : 
		On exit  : 
		Unchanged: 
 Data sizes:     COMRAM   BANK0   BANK1   BANK2   BANK3   BANK4   BANK5   BANK6   BANK7   BANK8   BANK9  BANK10  BANK11  BANK12  BANK13  BANK14  BANK15
      Params:         2       0       0       0       0       0       0       0       0       0       0       0       0       0       0       0       0
      Locals:         0       0       0       0       0       0       0       0       0       0       0       0       0       0       0       0       0
      Temps:          2       0       0       0       0       0       0       0       0       0       0       0       0       0       0       0       0
      Totals:         4       0       0       0       0       0       0       0       0       0       0       0       0       0       0       0       0
Total ram usage:        4 bytes
 Hardware stack levels used:    1
 This function calls:
		Nothing
 This function is called by:
		i2_set_pwm1_percent
 This function uses a non-reentrant model


 *************** function i2___fltol *****************
 Defined at:
		line 43 in file "D:\Microchip\pic\sources\c99\common\fltol.c"
 Parameters:    Size  Location     Type
  f1              4   16[COMRAM] void 
 Auto vars:     Size  Location     Type
  __fltol         1   25[COMRAM] unsigned char 
  __fltol         1   24[COMRAM] unsigned char 
 Return value:  Size  Location     Type
                  4   16[COMRAM] long 
 Registers used:
		wreg, status,2, status,0
 Tracked objects:
		On entry : 
		On exit  : 
		Unchanged: 
 Data sizes:     COMRAM   BANK0   BANK1   BANK2   BANK3   BANK4   BANK5   BANK6   BANK7   BANK8   BANK9  BANK10  BANK11  BANK12  BANK13  BANK14  BANK15
      Params:         4       0       0       0       0       0       0       0       0       0       0       0       0       0       0       0       0
      Locals:         2       0       0       0       0       0       0       0       0       0       0       0       0       0       0       0       0
      Temps:          4       0       0       0       0       0       0       0       0       0       0       0       0       0       0       0       0
      Totals:        10       0       0       0       0       0       0       0       0       0       0       0       0       0       0       0       0
Total ram usage:       10 bytes
 Hardware stack levels used:    1
 This function calls:
		Nothing
 This function is called by:
		i2_set_pwm1_percent
 This function uses a non-reentrant model


 *************** function i2___flmul *****************
 Defined at:
		line 8 in file "D:\Microchip\pic\sources\c99\common\sprcmul.c"
 Parameters:    Size  Location     Type
  b               4   14[COMRAM] long 
  a               4   18[COMRAM] long 
 Auto vars:     Size  Location     Type
  __flmul         4   33[COMRAM] struct .
  __flmul         4   27[COMRAM] unsigned long 
  __flmul         2   37[COMRAM] struct .
  __flmul         1   32[COMRAM] unsigned char 
  __flmul         1   31[COMRAM] unsigned char 
  __flmul         1   26[COMRAM] unsigned char 
 Return value:  Size  Location     Type
                  4   14[COMRAM] unsigned char 
 Registers used:
		wreg, status,2, status,0, prodl, prodh
 Tracked objects:
		On entry : 
		On exit  : 
		Unchanged: 
 Data sizes:     COMRAM   BANK0   BANK1   BANK2   BANK3   BANK4   BANK5   BANK6   BANK7   BANK8   BANK9  BANK10  BANK11  BANK12  BANK13  BANK14  BANK15
      Params:         8       0       0       0       0       0       0       0       0       0       0       0       0       0       0       0       0
      Locals:        13       0       0       0       0       0       0       0       0       0       0       0       0       0       0       0       0
      Temps:          4       0       0       0       0       0       0       0       0       0       0       0       0       0       0       0       0
      Totals:        25       0       0       0       0       0       0       0       0       0       0       0       0       0       0       0       0
Total ram usage:       25 bytes
 Hardware stack levels used:    1
 This function calls:
		Nothing
 This function is called by:
		_EXT_Int1_isr
		_EXT_Int2_isr
		i2_set_pwm1_percent
 This function uses a non-reentrant model


 *************** function i2___fldiv *****************
 Defined at:
		line 11 in file "D:\Microchip\pic\sources\c99\common\sprcdiv.c"
 Parameters:    Size  Location     Type
  b               4   39[COMRAM] unsigned char 
  a               4   43[COMRAM] unsigned char 
 Auto vars:     Size  Location     Type
  __fldiv         4   58[COMRAM] unsigned long 
  __fldiv         4   51[COMRAM] unsigned long 
  __fldiv         2   56[COMRAM] short 
  __fldiv         1   63[COMRAM] unsigned char 
  __fldiv         1   62[COMRAM] unsigned char 
  __fldiv         1   55[COMRAM] unsigned char 
 Return value:  Size  Location     Type
                  4   39[COMRAM] unsigned char 
 Registers used:
		wreg, status,2, status,0
 Tracked objects:
		On entry : 
		On exit  : 
		Unchanged: 
 Data sizes:     COMRAM   BANK0   BANK1   BANK2   BANK3   BANK4   BANK5   BANK6   BANK7   BANK8   BANK9  BANK10  BANK11  BANK12  BANK13  BANK14  BANK15
      Params:         8       0       0       0       0       0       0       0       0       0       0       0       0       0       0       0       0
      Locals:        13       0       0       0       0       0       0       0       0       0       0       0       0       0       0       0       0
      Temps:          4       0       0       0       0       0       0       0       0       0       0       0       0       0       0       0       0
      Totals:        25       0       0       0       0       0       0       0       0       0       0       0       0       0       0       0       0
Total ram usage:       25 bytes
 Hardware stack levels used:    1
 This function calls:
		Nothing
 This function is called by:
		i2_set_pwm1_percent
 This function uses a non-reentrant model


 *************** function i2___fladd *****************
 Defined at:
		line 10 in file "D:\Microchip\pic\sources\c99\common\sprcadd.c"
 Parameters:    Size  Location     Type
  b               4    0[COMRAM] unsigned char 
  a               4    4[COMRAM] unsigned char 
 Auto vars:     Size  Location     Type
  __fladd         1   15[COMRAM] unsigned char 
  __fladd         1   14[COMRAM] unsigned char 
  __fladd         1   13[COMRAM] unsigned char 
  __fladd         1   12[COMRAM] unsigned char 
 Return value:  Size  Location     Type
                  4    0[COMRAM] unsigned char 
 Registers used:
		wreg, status,2, status,0
 Tracked objects:
		On entry : 
		On exit  : 
		Unchanged: 
 Data sizes:     COMRAM   BANK0   BANK1   BANK2   BANK3   BANK4   BANK5   BANK6   BANK7   BANK8   BANK9  BANK10  BANK11  BANK12  BANK13  BANK14  BANK15
      Params:         8       0       0       0       0       0       0       0       0       0       0       0       0       0       0       0       0
      Locals:         4       0       0       0       0       0       0       0       0       0       0       0       0       0       0       0       0
      Temps:          4       0       0       0       0       0       0       0       0       0       0       0       0       0       0       0       0
      Totals:        16       0       0       0       0       0       0       0       0       0       0       0       0       0       0       0       0
Total ram usage:       16 bytes
 Hardware stack levels used:    1
 This function calls:
		Nothing
 This function is called by:
		i2_set_pwm1_percent
 This function uses a non-reentrant model


 *************** function i2_reloadTimer3 *****************
 Defined at:
		line 96 in file "AirConditioning.c"
 Parameters:    Size  Location     Type
		None
 Auto vars:     Size  Location     Type
		None
 Return value:  Size  Location     Type
                  1    wreg      void 
 Registers used:
		wreg, status,2
 Tracked objects:
		On entry : 
		On exit  : 
		Unchanged: 
 Data sizes:     COMRAM   BANK0   BANK1   BANK2   BANK3   BANK4   BANK5   BANK6   BANK7   BANK8   BANK9  BANK10  BANK11  BANK12  BANK13  BANK14  BANK15
      Params:         0       0       0       0       0       0       0       0       0       0       0       0       0       0       0       0       0
      Locals:         0       0       0       0       0       0       0       0       0       0       0       0       0       0       0       0       0
      Temps:          0       0       0       0       0       0       0       0       0       0       0       0       0       0       0       0       0
      Totals:         0       0       0       0       0       0       0       0       0       0       0       0       0       0       0       0       0
Total ram usage:        0 bytes
 Hardware stack levels used:    1
 This function calls:
		Nothing
 This function is called by:
		_Timer3_isr
		_EXT_Int0_isr
 This function uses a non-reentrant model


 *************** function i2_Heater_OFF *****************
 Defined at:
		line 126 in file "AirConditioning.c"
 Parameters:    Size  Location     Type
		None
 Auto vars:     Size  Location     Type
		None
 Return value:  Size  Location     Type
                  1    wreg      void 
 Registers used:
		wreg, status,2
 Tracked objects:
		On entry : 
		On exit  : 
		Unchanged: 
 Data sizes:     COMRAM   BANK0   BANK1   BANK2   BANK3   BANK4   BANK5   BANK6   BANK7   BANK8   BANK9  BANK10  BANK11  BANK12  BANK13  BANK14  BANK15
      Params:         0       0       0       0       0       0       0       0       0       0       0       0       0       0       0       0       0
      Locals:         0       0       0       0       0       0       0       0       0       0       0       0       0       0       0       0       0
      Temps:          0       0       0       0       0       0       0       0       0       0       0       0       0       0       0       0       0
      Totals:         0       0       0       0       0       0       0       0       0       0       0       0       0       0       0       0       0
Total ram usage:        0 bytes
 Hardware stack levels used:    1
 This function calls:
		Nothing
 This function is called by:
		_EXT_Int0_isr
 This function uses a non-reentrant model



MODULE INFORMATION

Module		Function		Class		Link	Load	Size
D:\Microchip\pic\sources\c99\common\aomod.c
		___aomod       		CODE           	3802	0000	295

D:\Microchip\pic\sources\c99\common\aomod.c estimated size: 295

D:\Microchip\pic\sources\c99\common\nf_fputc.c
		_fputc         		CODE           	40B0	0000	163

D:\Microchip\pic\sources\c99\common\nf_fputc.c estimated size: 163

D:\Microchip\pic\sources\c99\common\nf_sprintf.c
		_sprintf       		CODE           	46F4	0000	83

D:\Microchip\pic\sources\c99\common\nf_sprintf.c estimated size: 83

D:\Microchip\pic\sources\c99\common\doprnt.c
		_vfpfcnvrt     		CODE           	113E	0000	1569
		_efgtoa        		CODE           	0012	0000	2529
		_pad           		CODE           	4152	0000	161
		_ctoa          		CODE           	454A	0000	89
		_dtoa          		CODE           	2D9A	0000	609
		_vfprintf      		CODE           	44EC	0000	95
		_stoa          		CODE           	36C6	0000	317

D:\Microchip\pic\sources\c99\common\doprnt.c estimated size: 5369

D:\Microchip\pic\sources\c99\common\isupper.c
		_isupper       		CODE           	4A3E	0000	51

D:\Microchip\pic\sources\c99\common\isupper.c estimated size: 51

D:\Microchip\pic\sources\c99\common\awmod.c
		___awmod       		CODE           	4410	0000	115

D:\Microchip\pic\sources\c99\common\awmod.c estimated size: 115

D:\Microchip\pic\sources\c99\common\putch.c
		_putch         		CODE           	4D74	0000	3

D:\Microchip\pic\sources\c99\common\putch.c estimated size: 3

AirConditioning.c
		_Heater_OFF    		CODE           	4CE0	0000	29
		_Timer3_isr    		CODE           	48F2	0000	65
		_display       		CODE           	175E	0000	1131
		_FanSpeed      		CODE           	4C80	0000	35
		_Serial_IntS   		CODE           	4A0A	0000	53
		_main          		CODE           	09F2	0000	1869
		_highIsr       		CODE           	0008	0000	85
		_go_Off_Mode   		CODE           	496E	0000	53
		_reloadTimer3  		CODE           	4D58	0000	11
		_initTimers01  		CODE           	4B90	0000	45
		_setupPorts    		CODE           	4CC2	0000	31
		_EXT_Int0_isr  		CODE           	3D20	0000	191
		_EXT_Int1_isr  		CODE           	3B96	0000	203
		_EXT_Int2_isr  		CODE           	3AC8	0000	207
		_delay_ms      		CODE           	4BBC	0000	43
		_set_fakePWM_Heater		CODE           	4390	0000	129

AirConditioning.c estimated size: 4180

my_ser.c
		_send_byte_no_lib		CODE           	4D2C	0000	19
		_read_byte_no_lib		CODE           	4D6C	0000	9
		_setupSerial   		CODE           	4CA2	0000	33
		_send_string_no_lib		CODE           	4C0E	0000	39

my_ser.c estimated size: 100

D:\Microchip\pic\sources\c99\common\isspace.c
		_isspace       		CODE           	48B2	0000	65

D:\Microchip\pic\sources\c99\common\isspace.c estimated size: 65

my_pwm.c
		_set_pwm1_percent		CODE           	3C60	0000	193
		_init_pwm1     		CODE           	4D18	0000	21
		_set_pwm1_raw  		CODE           	4AD4	0000	49

my_pwm.c estimated size: 263

D:\Microchip\pic\sources\c99\common\strncmp.c
		_strncmp       		CODE           	400C	0000	165

D:\Microchip\pic\sources\c99\common\strncmp.c estimated size: 165

D:\Microchip\pic\sources\c99\common\tolower.c
		_tolower       		CODE           	4746	0000	79

D:\Microchip\pic\sources\c99\common\tolower.c estimated size: 79

my_adc.c
		_init_adc_no_lib		CODE           	4D4C	0000	13
		_read_adc_raw_no_lib		CODE           	482A	0000	69
		_read_adc_voltage		CODE           	41F2	0000	141

my_adc.c estimated size: 223

D:\Microchip\pic\sources\c99\common\sprcmul.c
		___flmul       		CODE           	1BC8	0000	853

D:\Microchip\pic\sources\c99\common\sprcmul.c estimated size: 853

D:\Microchip\pic\sources\c99\common\sprcdiv.c
		___fldiv       		CODE           	2888	0000	651

D:\Microchip\pic\sources\c99\common\sprcdiv.c estimated size: 651

D:\Microchip\pic\sources\c99\common\aodiv.c
		___aodiv       		CODE           	31B4	0000	331

D:\Microchip\pic\sources\c99\common\aodiv.c estimated size: 331

D:\Microchip\pic\sources\c99\common\atoi.c
		_atoi          		CODE           	3442	0000	325

D:\Microchip\pic\sources\c99\common\atoi.c estimated size: 325

D:\Microchip\pic\sources\c99\common\fleq.c
		___fleq        		CODE           	427E	0000	141

D:\Microchip\pic\sources\c99\common\fleq.c estimated size: 141

D:\Microchip\pic\sources\c99\common\Umul16.c
		___wmul        		CODE           	4BE6	0000	41

D:\Microchip\pic\sources\c99\common\Umul16.c estimated size: 41

D:\Microchip\pic\sources\c99\common\awdiv.c
		___awdiv       		CODE           	430A	0000	135

D:\Microchip\pic\sources\c99\common\awdiv.c estimated size: 135

D:\Microchip\pic\sources\c99\common\fltol.c
		___fltol       		CODE           	3DDE	0000	189

D:\Microchip\pic\sources\c99\common\fltol.c estimated size: 189

shared
		i2_set_pwm1_raw		CODE           	4B62	0000	47
		i2___fladd     		CODE           	257C	0000	781
		i2___fldiv     		CODE           	2B12	0000	649
		i2___fltol     		CODE           	3E9A	0000	187
		i2_go_Off_Mode 		CODE           	4AA2	0000	51
		__initialization		CODE           	46A2	0000	69
		i2_Heater_OFF  		CODE           	4CFC	0000	29
		i2___flmul     		CODE           	1F1C	0000	851
		i2___xxtofl    		CODE           	3586	0000	321
		i2_set_pwm1_percent		CODE           	3F54	0000	185
		i2_reloadTimer3		CODE           	4D62	0000	11

shared estimated size: 3181

D:\Microchip\pic\sources\c99\common\nf_fputs.c
		_fputs         		CODE           	4932	0000	61

D:\Microchip\pic\sources\c99\common\nf_fputs.c estimated size: 61

D:\Microchip\pic\sources\c99\common\__fpclassifyf.c
		___fpclassifyf 		CODE           	39FA	0000	207

D:\Microchip\pic\sources\c99\common\__fpclassifyf.c estimated size: 207

D:\Microchip\pic\sources\c99\common\floorf.c
		_floorf        		CODE           	2FFA	0000	443

D:\Microchip\pic\sources\c99\common\floorf.c estimated size: 443

D:\Microchip\pic\sources\c99\common\isdigit.c
		_isdigit       		CODE           	4A70	0000	51

D:\Microchip\pic\sources\c99\common\isdigit.c estimated size: 51

D:\Microchip\pic\sources\c99\common\sprcadd.c
		___flsub       		CODE           	47E2	0000	73
		___fladd       		CODE           	226E	0000	783

D:\Microchip\pic\sources\c99\common\sprcadd.c estimated size: 856

D:\Microchip\pic\sources\c99\common\abs.c
		_abs           		CODE           	49A2	0000	53

D:\Microchip\pic\sources\c99\common\abs.c estimated size: 53

lcd_x8.c
		_lcd_putc      		CODE           	4482	0000	107
		_lcd_puts      		CODE           	4C34	0000	39
		_lcd_send_byte 		CODE           	486E	0000	69
		_lcd_gotoxy    		CODE           	464E	0000	85
		_lcd_send_nibble		CODE           	4C5A	0000	39
		_lcd_init      		CODE           	45A2	0000	87
		_delay_cycles  		CODE           	49D6	0000	53

lcd_x8.c estimated size: 479

D:\Microchip\pic\sources\c99\common\xxtofl.c
		___xxtofl      		CODE           	32FE	0000	325

D:\Microchip\pic\sources\c99\common\xxtofl.c estimated size: 325

D:\Microchip\pic\sources\c99\common\flneg.c
		___flneg       		CODE           	4B04	0000	49

D:\Microchip\pic\sources\c99\common\flneg.c estimated size: 49

D:\Microchip\pic\sources\c99\common\strlen.c
		_strlen        		CODE           	4B34	0000	47

D:\Microchip\pic\sources\c99\common\strlen.c estimated size: 47

D:\Microchip\pic\sources\c99\common\flge.c
		___flge        		CODE           	3928	0000	211

D:\Microchip\pic\sources\c99\common\flge.c estimated size: 211

D:\Microchip\pic\sources\c99\common\strcpy.c
		_strcpy        		CODE           	45F8	0000	87

D:\Microchip\pic\sources\c99\common\strcpy.c estimated size: 87

